[root@zfs vagrant]# wget -O archive.tar.gz --no-check-certificate https://drive.google.com/open?id=1KRBNW33QWqbvbVHa3hLJivOAt60yukkg
--2023-01-21 21:56:54--  https://drive.google.com/open?id=1KRBNW33QWqbvbVHa3hLJivOAt60yukkg
Resolving drive.google.com (drive.google.com)... 173.194.73.194, 2a00:1450:4010:c08::c2
Connecting to drive.google.com (drive.google.com)|173.194.73.194|:443... connected.
HTTP request sent, awaiting response... 307 Temporary Redirect
Location: https://drive.google.com/file/d/1KRBNW33QWqbvbVHa3hLJivOAt60yukkg/view?usp=drive_open [following]
--2023-01-21 21:56:54--  https://drive.google.com/file/d/1KRBNW33QWqbvbVHa3hLJivOAt60yukkg/view?usp=drive_open
Reusing existing connection to drive.google.com:443.
HTTP request sent, awaiting response... 200 OK
Length: unspecified [text/html]
Saving to: 'archive.tar.gz'

    [ <=>                                                                                                                                               ] 73,208      --.-K/s   in 0.06s   

2023-01-21 21:56:55 (1.22 MB/s) - 'archive.tar.gz' saved [73208]
[root@zfs vagrant]# tar -xzvf archive.tar.gz
zpoolexport/
zpoolexport/filea
zpoolexport/fileb
[root@zfs vagrant]# zpool import -d zpoolexport/
   pool: otus
     id: 6554193320433390805
  state: ONLINE
 action: The pool can be imported using its name or numeric identifier.
 config:

        otus                                 ONLINE
          mirror-0                           ONLINE
            /home/vagrant/zpoolexport/filea  ONLINE
            /home/vagrant/zpoolexport/fileb  ONLINE
[root@zfs vagrant]# zpool import -d zpoolexport/ otus
[root@zfs vagrant]# zpool status
  pool: otus
 state: ONLINE
  scan: none requested
config:

        NAME                                 STATE     READ WRITE CKSUM
        otus                                 ONLINE       0     0     0
          mirror-0                           ONLINE       0     0     0
            /home/vagrant/zpoolexport/filea  ONLINE       0     0     0
            /home/vagrant/zpoolexport/fileb  ONLINE       0     0     0

errors: No known data errors

  pool: otus1
 state: ONLINE
  scan: none requested
config:

        NAME        STATE     READ WRITE CKSUM
        otus1       ONLINE       0     0     0
          mirror-0  ONLINE       0     0     0
            sdb     ONLINE       0     0     0
            sdc     ONLINE       0     0     0

errors: No known data errors

  pool: otus2
 state: ONLINE
  scan: none requested
config:

        NAME        STATE     READ WRITE CKSUM
        otus2       ONLINE       0     0     0
          mirror-0  ONLINE       0     0     0
            sdd     ONLINE       0     0     0
            sde     ONLINE       0     0     0

errors: No known data errors

  pool: otus3
 state: ONLINE
  scan: none requested
config:

        NAME        STATE     READ WRITE CKSUM
        otus3       ONLINE       0     0     0
          mirror-0  ONLINE       0     0     0
            sdf     ONLINE       0     0     0
            sdg     ONLINE       0     0     0

errors: No known data errors

  pool: otus4
 state: ONLINE
  scan: none requested
config:

        NAME        STATE     READ WRITE CKSUM
        otus4       ONLINE       0     0     0
          mirror-0  ONLINE       0     0     0
            sdh     ONLINE       0     0     0
            sda     ONLINE       0     0     0

errors: No known data errors
[root@zfs vagrant]# zpool get all otus
NAME  PROPERTY                       VALUE                          SOURCE
otus  size                           480M                           -
otus  capacity                       0%                             -
otus  altroot                        -                              default
otus  health                         ONLINE                         -
otus  guid                           6554193320433390805            -
otus  version                        -                              default
otus  bootfs                         -                              default
otus  delegation                     on                             default
otus  autoreplace                    off                            default
otus  cachefile                      -                              default
otus  failmode                       wait                           default
otus  listsnapshots                  off                            default
otus  autoexpand                     off                            default
otus  dedupditto                     0                              default
otus  dedupratio                     1.00x                          -
otus  free                           478M                           -
otus  allocated                      2.09M                          -
otus  readonly                       off                            -
otus  ashift                         0                              default
otus  comment                        -                              default
otus  expandsize                     -                              -
otus  freeing                        0                              -
otus  fragmentation                  0%                             -
otus  leaked                         0                              -
otus  multihost                      off                            default
otus  checkpoint                     -                              -
otus  load_guid                      15557596369995881804           -
otus  autotrim                       off                            default
otus  feature@async_destroy          enabled                        local
otus  feature@empty_bpobj            active                         local
otus  feature@lz4_compress           active                         local
otus  feature@multi_vdev_crash_dump  enabled                        local
otus  feature@spacemap_histogram     active                         local
otus  feature@enabled_txg            active                         local
otus  feature@hole_birth             active                         local
otus  feature@extensible_dataset     active                         local
otus  feature@embedded_data          active                         local
otus  feature@bookmarks              enabled                        local
otus  feature@filesystem_limits      enabled                        local
otus  feature@large_blocks           enabled                        local
otus  feature@large_dnode            enabled                        local
otus  feature@sha512                 enabled                        local
otus  feature@skein                  enabled                        local
otus  feature@edonr                  enabled                        local
otus  feature@userobj_accounting     active                         local
otus  feature@encryption             enabled                        local
otus  feature@project_quota          active                         local
otus  feature@device_removal         enabled                        local
otus  feature@obsolete_counts        enabled                        local
otus  feature@zpool_checkpoint       enabled                        local
otus  feature@spacemap_v2            active                         local
otus  feature@allocation_classes     enabled                        local
otus  feature@resilver_defer         enabled                        local
otus  feature@bookmark_v2            enabled                        local
[root@zfs vagrant]# zfs get available otus
NAME  PROPERTY   VALUE  SOURCE
otus  available  350M   -
[root@zfs vagrant]# zfs get readonly otus
NAME  PROPERTY  VALUE   SOURCE
otus  readonly  off     default
[root@zfs vagrant]# zfs get recordsize otus
NAME  PROPERTY    VALUE    SOURCE
otus  recordsize  128K     local
[root@zfs vagrant]# zfs get compression otus
NAME  PROPERTY     VALUE     SOURCE
otus  compression  zle       local
[root@zfs vagrant]# zfs get checksum otus
NAME  PROPERTY  VALUE      SOURCE
otus  checksum  sha256     local
